#-----------------------------------------------------------
# Vivado v2022.1 (64-bit)
# SW Build 3526262 on Mon Apr 18 15:48:16 MDT 2022
# IP Build 3524634 on Mon Apr 18 20:55:01 MDT 2022
# Start of session at: Tue Oct 22 20:52:07 2024
# Process ID: 10392
# Current directory: C:/Users/emanessam26/Desktop/verilog/lab5 report
# Command line: vivado.exe -gui_launcher_event rodinguilauncherevent8300 C:\Users\emanessam26\Desktop\verilog\lab5 report\lab5.xpr
# Log file: C:/Users/emanessam26/Desktop/verilog/lab5 report/vivado.log
# Journal file: C:/Users/emanessam26/Desktop/verilog/lab5 report\vivado.jou
# Running On: CSE-P07-2168-47, OS: Windows, CPU Frequency: 3696 MHz, CPU Physical cores: 8, Host memory: 34020 MB
#-----------------------------------------------------------
start_gui
open_project {C:/Users/emanessam26/Desktop/verilog/lab5 report/lab5.xpr}
set_property target_constrs_file {C:/Users/emanessam26/Desktop/verilog/lab5 report/lab5.srcs/constrs_1/new/Q2.xdc} [current_fileset -constrset]
# Disabling source management mode.  This is to allow the top design properties to be set without GUI intervention.
set_property source_mgmt_mode None [current_project]
set_property top Question2 [current_fileset]
# Re-enabling previously disabled source management mode.
set_property source_mgmt_mode DisplayOnly [current_project]
reset_run synth_1
launch_runs impl_1 -to_step write_bitstream -jobs 8
wait_on_run impl_1
open_hw_manager
connect_hw_server -allow_non_jtag
open_hw_target
set_property PROGRAM.FILE {C:/Users/emanessam26/Desktop/verilog/lab5 report/lab5.runs/impl_1/Question2.bit} [get_hw_devices xc7a35t_0]
current_hw_device [get_hw_devices xc7a35t_0]
refresh_hw_device -update_hw_probes false [lindex [get_hw_devices xc7a35t_0] 0]
set_property PROBES.FILE {} [get_hw_devices xc7a35t_0]
set_property FULL_PROBES.FILE {} [get_hw_devices xc7a35t_0]
set_property PROGRAM.FILE {C:/Users/emanessam26/Desktop/verilog/lab5 report/lab5.runs/impl_1/Question2.bit} [get_hw_devices xc7a35t_0]
program_hw_devices [get_hw_devices xc7a35t_0]
refresh_hw_device [lindex [get_hw_devices xc7a35t_0] 0]
set_property PROBES.FILE {} [get_hw_devices xc7a35t_0]
set_property FULL_PROBES.FILE {} [get_hw_devices xc7a35t_0]
set_property PROGRAM.FILE {C:/Users/emanessam26/Desktop/verilog/lab5 report/lab5.runs/impl_1/Question2.bit} [get_hw_devices xc7a35t_0]
program_hw_devices [get_hw_devices xc7a35t_0]
refresh_hw_device [lindex [get_hw_devices xc7a35t_0] 0]
close_hw_manager
add_files -norecurse {{C:/Users/emanessam26/Desktop/verilog/lab5 report/lab5.srcs/sources_1/new/Question1.v}}
add_files {{C:/Users/emanessam26/Desktop/verilog/lab5 report/lab5.srcs/sources_1/new/Question3.v} {C:/Users/emanessam26/Desktop/verilog/lab5 report/lab5.srcs/sources_1/new/Question1.v} {C:/Users/emanessam26/Desktop/verilog/lab5 report/lab5.srcs/sources_1/new/BCDtoSevenSegDec.v} {C:/Users/emanessam26/Desktop/verilog/lab5 report/lab5.srcs/sources_1/new/sevenSegUsingBehavioral.v}}
export_ip_user_files -of_objects  [get_files {{C:/Users/emanessam26/Desktop/verilog/lab5 report/lab5.srcs/sources_1/new/BCDtoSevenSegDec.v}}] -no_script -reset -force -quiet
remove_files  {{C:/Users/emanessam26/Desktop/verilog/lab5 report/lab5.srcs/sources_1/new/BCDtoSevenSegDec.v}}
export_ip_user_files -of_objects  [get_files {{C:/Users/emanessam26/Desktop/verilog/lab5 report/lab5.srcs/sources_1/new/sevenSegUsingBehavioral.v}}] -no_script -reset -force -quiet
remove_files  {{C:/Users/emanessam26/Desktop/verilog/lab5 report/lab5.srcs/sources_1/new/sevenSegUsingBehavioral.v}}
add_files -norecurse {{C:/Users/emanessam26/Desktop/verilog/lab5 report/lab5.srcs/sources_1/new/Question1.v}}
create_project {report 5} {C:/Users/emanessam26/Desktop/verilog/report 5} -part xc7a35tcpg236-1
set_property board_part digilentinc.com:basys3:part0:1.2 [current_project]
file mkdir C:/Users/emanessam26/Desktop/verilog/report 5/report 5.srcs/sources_1/new
file mkdir C:/Users/emanessam26/Desktop/verilog/report 5/report 5.srcs/sources_1/new
file mkdir C:/Users/emanessam26/Desktop/verilog/report 5/report 5.srcs/sources_1/new
file mkdir C:/Users/emanessam26/Desktop/verilog/report 5/report 5.srcs/sources_1/new
file mkdir C:/Users/emanessam26/Desktop/verilog/report 5/report 5.srcs/sources_1/new
file mkdir C:/Users/emanessam26/Desktop/verilog/report 5/report 5.srcs/sources_1/new
file mkdir {C:/Users/emanessam26/Desktop/verilog/report 5/report 5.srcs/sources_1/new}
close [ open {C:/Users/emanessam26/Desktop/verilog/report 5/report 5.srcs/sources_1/new/q2.v} w ]
add_files {{C:/Users/emanessam26/Desktop/verilog/report 5/report 5.srcs/sources_1/new/q2.v}}
update_compile_order -fileset sources_1
current_project lab5
current_project {report 5}
file mkdir C:/Users/emanessam26/Desktop/verilog/report 5/report 5.srcs/constrs_1
file mkdir C:/Users/emanessam26/Desktop/verilog/report 5/report 5.srcs/constrs_1
file mkdir C:/Users/emanessam26/Desktop/verilog/report 5/report 5.srcs/constrs_1/new
file mkdir C:/Users/emanessam26/Desktop/verilog/report 5/report 5.srcs/constrs_1/new
file mkdir C:/Users/emanessam26/Desktop/verilog/report 5/report 5.srcs/constrs_1/new
file mkdir C:/Users/emanessam26/Desktop/verilog/report 5/report 5.srcs/constrs_1/new
file mkdir C:/Users/emanessam26/Desktop/verilog/report 5/report 5.srcs/constrs_1
file mkdir {C:/Users/emanessam26/Desktop/verilog/report 5/report 5.srcs/constrs_1/new}
close [ open {C:/Users/emanessam26/Desktop/verilog/report 5/report 5.srcs/constrs_1/new/q2_constraint.xdc} w ]
add_files -fileset constrs_1 {{C:/Users/emanessam26/Desktop/verilog/report 5/report 5.srcs/constrs_1/new/q2_constraint.xdc}}
current_project lab5
close_project
launch_runs impl_1 -to_step write_bitstream -jobs 8
wait_on_run impl_1
open_hw_manager
connect_hw_server -allow_non_jtag
open_hw_target
set_property PROGRAM.FILE {C:/Users/emanessam26/Desktop/verilog/report 5/report 5.runs/impl_1/q2.bit} [get_hw_devices xc7a35t_0]
current_hw_device [get_hw_devices xc7a35t_0]
refresh_hw_device -update_hw_probes false [lindex [get_hw_devices xc7a35t_0] 0]
set_property PROBES.FILE {} [get_hw_devices xc7a35t_0]
set_property FULL_PROBES.FILE {} [get_hw_devices xc7a35t_0]
set_property PROGRAM.FILE {C:/Users/emanessam26/Desktop/verilog/report 5/report 5.runs/impl_1/q2.bit} [get_hw_devices xc7a35t_0]
program_hw_devices [get_hw_devices xc7a35t_0]
refresh_hw_device [lindex [get_hw_devices xc7a35t_0] 0]
refresh_hw_device [lindex [get_hw_devices xc7a35t_0] 0]
reset_run synth_1
launch_runs impl_1 -to_step write_bitstream -jobs 8
wait_on_run impl_1
reset_run synth_1
launch_runs impl_1 -to_step write_bitstream -jobs 8
wait_on_run impl_1
reset_run synth_1
launch_runs impl_1 -to_step write_bitstream -jobs 8
wait_on_run impl_1
reset_run synth_1
launch_runs synth_1 -jobs 8
wait_on_run synth_1
reset_run synth_1
launch_runs impl_1 -to_step write_bitstream -jobs 8
wait_on_run impl_1
close_hw_manager
export_ip_user_files -of_objects  [get_files {{C:/Users/emanessam26/Desktop/verilog/report 5/report 5.srcs/utils_1/imports/synth_1/q2.dcp}}] -no_script -reset -force -quiet
remove_files  -fileset utils_1 {{C:/Users/emanessam26/Desktop/verilog/report 5/report 5.srcs/utils_1/imports/synth_1/q2.dcp}}
reset_run synth_1
launch_runs impl_1 -to_step write_bitstream -jobs 8
wait_on_run impl_1
open_hw_manager
connect_hw_server -allow_non_jtag
open_hw_target
set_property PROGRAM.FILE {C:/Users/emanessam26/Desktop/verilog/report 5/report 5.runs/impl_1/q2.bit} [get_hw_devices xc7a35t_0]
current_hw_device [get_hw_devices xc7a35t_0]
refresh_hw_device -update_hw_probes false [lindex [get_hw_devices xc7a35t_0] 0]
set_property PROBES.FILE {} [get_hw_devices xc7a35t_0]
set_property FULL_PROBES.FILE {} [get_hw_devices xc7a35t_0]
set_property PROGRAM.FILE {C:/Users/emanessam26/Desktop/verilog/report 5/report 5.runs/impl_1/q2.bit} [get_hw_devices xc7a35t_0]
program_hw_devices [get_hw_devices xc7a35t_0]
refresh_hw_device [lindex [get_hw_devices xc7a35t_0] 0]
reset_run impl_1 -prev_step 
launch_runs impl_1 -to_step write_bitstream -jobs 8
wait_on_run impl_1
set_property PROBES.FILE {} [get_hw_devices xc7a35t_0]
set_property FULL_PROBES.FILE {} [get_hw_devices xc7a35t_0]
set_property PROGRAM.FILE {C:/Users/emanessam26/Desktop/verilog/report 5/report 5.runs/impl_1/q2.bit} [get_hw_devices xc7a35t_0]
program_hw_devices [get_hw_devices xc7a35t_0]
refresh_hw_device [lindex [get_hw_devices xc7a35t_0] 0]
set_property PROBES.FILE {} [get_hw_devices xc7a35t_0]
set_property FULL_PROBES.FILE {} [get_hw_devices xc7a35t_0]
set_property PROGRAM.FILE {C:/Users/emanessam26/Desktop/verilog/report 5/report 5.runs/impl_1/q2.bit} [get_hw_devices xc7a35t_0]
program_hw_devices [get_hw_devices xc7a35t_0]
refresh_hw_device [lindex [get_hw_devices xc7a35t_0] 0]
close_hw_manager
set_property target_constrs_file {C:/Users/emanessam26/Desktop/verilog/report 5/report 5.srcs/constrs_1/new/q2_constraint.xdc} [current_fileset -constrset]
reset_run synth_1
launch_runs impl_1 -to_step write_bitstream -jobs 8
wait_on_run impl_1
export_ip_user_files -of_objects  [get_files {{C:/Users/emanessam26/Desktop/verilog/report 5/report 5.srcs/utils_1/imports/synth_1/q2.dcp}}] -no_script -reset -force -quiet
remove_files  -fileset utils_1 {{C:/Users/emanessam26/Desktop/verilog/report 5/report 5.srcs/utils_1/imports/synth_1/q2.dcp}}
reset_run synth_1
launch_runs impl_1 -to_step write_bitstream -jobs 8
wait_on_run impl_1
open_hw_manager
connect_hw_server -allow_non_jtag
open_hw_target
set_property PROGRAM.FILE {C:/Users/emanessam26/Desktop/verilog/report 5/report 5.runs/impl_1/q2.bit} [get_hw_devices xc7a35t_0]
current_hw_device [get_hw_devices xc7a35t_0]
refresh_hw_device -update_hw_probes false [lindex [get_hw_devices xc7a35t_0] 0]
